JPICL (version 1.0.1) - License GPL v3
$ /Applications/JPICL.app/Contents/Resources/native/picl /Users/maysh/Library/Mobile Documents/com~apple~CloudDocs/Marshall_University/Research/Zosterops/Kansas collaboration/Methods and Results/Zosterops Methods and Results/Data/PICL/PICL reruns NEW VERSION/data.tre.settings /Users/maysh/Library/Mobile Documents/com~apple~CloudDocs/Marshall_University/Research/Zosterops/Kansas collaboration/Methods and Results/Zosterops Methods and Results/Data/PICL/Zosterops2/data.phy /Users/maysh/Library/Mobile Documents/com~apple~CloudDocs/Marshall_University/Research/Zosterops/Kansas collaboration/Methods and Results/Zosterops Methods and Results/Data/PICL/Zosterops2/treefile.tre /Users/maysh/Library/Mobile Documents/com~apple~CloudDocs/Marshall_University/Research/Zosterops/Kansas collaboration/Methods and Results/Zosterops Methods and Results/Data/PICL/PICL reruns NEW VERSION/data.tre.trees /Users/maysh/Library/Mobile Documents/com~apple~CloudDocs/Marshall_University/Research/Zosterops/Kansas collaboration/Methods and Results/Zosterops Methods and Results/Data/PICL/PICL reruns NEW VERSION/data.tre.tre /Users/maysh/Library/Mobile Documents/com~apple~CloudDocs/Marshall_University/Research/Zosterops/Kansas collaboration/Methods and Results/Zosterops Methods and Results/Data/PICL/Zosterops2/data.values /Users/maysh/Library/Mobile Documents/com~apple~CloudDocs/Marshall_University/Research/Zosterops/Kansas collaboration/Methods and Results/Zosterops Methods and Results/Data/PICL/PICL reruns NEW VERSION/data.tre.bootstrap
Using files:
  settings:    /Users/maysh/Library/Mobile Documents/com~apple~CloudDocs/Marshall_University/Research/Zosterops/Kansas collaboration/Methods and Results/Zosterops Methods and Results/Data/PICL/PICL reruns NEW VERSION/data.tre.settings
  data:        /Users/maysh/Library/Mobile Documents/com~apple~CloudDocs/Marshall_University/Research/Zosterops/Kansas collaboration/Methods and Results/Zosterops Methods and Results/Data/PICL/Zosterops2/data.phy
  treefile:    /Users/maysh/Library/Mobile Documents/com~apple~CloudDocs/Marshall_University/Research/Zosterops/Kansas collaboration/Methods and Results/Zosterops Methods and Results/Data/PICL/Zosterops2/treefile.tre
  outtree:     /Users/maysh/Library/Mobile Documents/com~apple~CloudDocs/Marshall_University/Research/Zosterops/Kansas collaboration/Methods and Results/Zosterops Methods and Results/Data/PICL/PICL reruns NEW VERSION/data.tre.trees
  picltrees:   /Users/maysh/Library/Mobile Documents/com~apple~CloudDocs/Marshall_University/Research/Zosterops/Kansas collaboration/Methods and Results/Zosterops Methods and Results/Data/PICL/PICL reruns NEW VERSION/data.tre.tre
  results:     /Users/maysh/Library/Mobile Documents/com~apple~CloudDocs/Marshall_University/Research/Zosterops/Kansas collaboration/Methods and Results/Zosterops Methods and Results/Data/PICL/Zosterops2/data.values

  bootdata:    /Users/maysh/Library/Mobile Documents/com~apple~CloudDocs/Marshall_University/Research/Zosterops/Kansas collaboration/Methods and Results/Zosterops Methods and Results/Data/PICL/PICL reruns NEW VERSION/data.tre.bootstrap



----------------------------------------------------------------------------
	 PICL: Phylogenetic Inference with Composite Likelihood 
				 Beta Version  
			         May 2026 
----------------------------------------------------------------------------

Model: 3
Gaps: 1
Bootstrap: 100
Theta: 0.035000
Rate_param: 1.000000
Random_tree: 1
Opt_bl: 1
User_bl: 1
Num_Opt: 10000
Seed1: 12345
Seed2: 67890
Num_cat: 4
Tree_search: 2
Max_iter: 300000
Mult_iter: 3
Prob_bound: 0.050000
Test_increment: 250
Target annealing slope: -0.010000
Beta: 0.005000
Verbose: 1

There are 29 total species. This corresponds to 23751 species-level quartets.
There are 124 total sequences. This corresponds to 9381251 sequence-level quartets.

Species 0 with name japonicus has 38 sequences
Species 1 with name alani1 has 3 sequences
Species 2 with name alani2 has 3 sequences
Species 3 with name alani3 has 1 sequences
Species 4 with name simplex3 has 16 sequences
Species 5 with name simplex2 has 7 sequences
Species 6 with name simplex1 has 2 sequences
Species 7 with name meyeni3 has 4 sequences
Species 8 with name meyeni1 has 4 sequences
Species 9 with name montanus2 has 4 sequences
Species 10 with name montanus1 has 6 sequences
Species 11 with name montanus4 has 4 sequences
Species 12 with name montanus6 has 1 sequences
Species 13 with name montanus8 has 2 sequences
Species 14 with name nigrorum1 has 1 sequences
Species 15 with name erythro1 has 3 sequences
Species 16 with name palpebro has 3 sequences
Species 17 with name montanus3 has 5 sequences
Species 18 with name montanus7 has 2 sequences
Species 19 with name meyeni2 has 4 sequences
Species 20 with name erythro2 has 3 sequences
Species 21 with name nigrorum2 has 1 sequences
Species 22 with name nigrorum5 has 1 sequences
Species 23 with name nigrorum3 has 1 sequences
Species 24 with name nigrorum4 has 1 sequences
Species 25 with name montanus5 has 1 sequences
Species 26 with name everetti1 has 1 sequences
Species 27 with name everetti3 has 1 sequences
Species 28 with name everetti2 has 1 sequences

The species assignments are:
Species 0: japonicus
0 1 2 3 4 5 6 7 8 9 10 11 12 13 14 15 16 17 18 19 20 21 22 23 24 32 33 34 35 36 37 38 39 119 120 121 122 123 
Species 1: alani1
25 26 27 
Species 2: alani2
28 29 30 
Species 3: alani3
31 
Species 4: simplex3
40 43 44 77 78 102 103 104 105 106 107 108 109 111 112 113 
Species 5: simplex2
41 42 45 46 47 48 110 
Species 6: simplex1
49 50 
Species 7: meyeni3
51 88 89 90 
Species 8: meyeni1
52 53 54 55 
Species 9: montanus2
56 57 58 59 
Species 10: montanus1
60 61 62 63 64 65 
Species 11: montanus4
66 67 68 69 
Species 12: montanus6
70 
Species 13: montanus8
71 72 
Species 14: nigrorum1
73 
Species 15: erythro1
74 75 76 
Species 16: palpebro
79 80 81 
Species 17: montanus3
82 83 84 85 114 
Species 18: montanus7
86 87 
Species 19: meyeni2
91 92 93 94 
Species 20: erythro2
95 96 97 
Species 21: nigrorum2
98 
Species 22: nigrorum5
99 
Species 23: nigrorum3
100 
Species 24: nigrorum4
101 
Species 25: montanus5
115 
Species 26: everetti1
116 
Species 27: everetti3
117 
Species 28: everetti2
118 

Estimation will be carried out using the SNP model
Read sequence 0 with name ZJlo012
Read sequence 1 with name ZJlo015
Read sequence 2 with name ZJlo016
Read sequence 3 with name ZJlo017
Read sequence 4 with name ZJlo021
Read sequence 5 with name ZJlo022
Read sequence 6 with name ZJlo024
Read sequence 7 with name ZJlo031
Read sequence 8 with name ZJlo045
Read sequence 9 with name ZJlo046
Read sequence 10 with name ZJlo050
Read sequence 11 with name ZJlo052
Read sequence 12 with name ZJlo055
Read sequence 13 with name ZJja001
Read sequence 14 with name ZJja002
Read sequence 15 with name ZJja003
Read sequence 16 with name ZJja004
Read sequence 17 with name ZJja005
Read sequence 18 with name ZJja009
Read sequence 19 with name ZJja010
Read sequence 20 with name ZJja012
Read sequence 21 with name ZJja013
Read sequence 22 with name ZJja014
Read sequence 23 with name ZJja016
Read sequence 24 with name ZJja030
Read sequence 25 with name ZJal003
Read sequence 26 with name Zjal004
Read sequence 27 with name ZJal005
Read sequence 28 with name ZJal010
Read sequence 29 with name ZJal011
Read sequence 30 with name ZJal012
Read sequence 31 with name ZJal020
Read sequence 32 with name ZJst007
Read sequence 33 with name ZJst009
Read sequence 34 with name ZJst010
Read sequence 35 with name ZJst012
Read sequence 36 with name ZJst014
Read sequence 37 with name ZJst015
Read sequence 38 with name ZJin001
Read sequence 39 with name ZJin003
Read sequence 40 with name ZJsi002
Read sequence 41 with name ZJsi017
Read sequence 42 with name ZJsi032
Read sequence 43 with name ZJsi023
Read sequence 44 with name ZJsi024
Read sequence 45 with name ZJsi027
Read sequence 46 with name ZJsi028
Read sequence 47 with name ZJsi029
Read sequence 48 with name ZJsi031
Read sequence 49 with name ZPxx001
Read sequence 50 with name ZPxx002
Read sequence 51 with name ZMxx002
Read sequence 52 with name ZMxx003
Read sequence 53 with name ZMxx004
Read sequence 54 with name ZMxx005
Read sequence 55 with name ZMxx006
Read sequence 56 with name ZMOxx001
Read sequence 57 with name ZMOxx002
Read sequence 58 with name ZMOxx003
Read sequence 59 with name ZMOxx005
Read sequence 60 with name ZMOha001
Read sequence 61 with name ZMOwh002
Read sequence 62 with name ZMOwh003
Read sequence 63 with name ZMOwh004
Read sequence 64 with name ZMOwh005
Read sequence 65 with name ZMOwh006
Read sequence 66 with name ZMOvu002
Read sequence 67 with name ZMOvu003
Read sequence 68 with name ZMOvu004
Read sequence 69 with name ZMOvu005
Read sequence 70 with name ZMOmo001
Read sequence 71 with name ZMOpa001
Read sequence 72 with name ZMOpa002
Read sequence 73 with name ZNni001
Read sequence 74 with name ZERxx002
Read sequence 75 with name ZERxx004
Read sequence 76 with name ZERxx005
Read sequence 77 with name Zsim23588
Read sequence 78 with name Zsim28142
Read sequence 79 with name Zsim30897
Read sequence 80 with name Zpal23498
Read sequence 81 with name Zpal23522
Read sequence 82 with name Zmon20893
Read sequence 83 with name Zmon20892
Read sequence 84 with name Zmon20902
Read sequence 85 with name Zmon20909
Read sequence 86 with name Zsim31166
Read sequence 87 with name Zsim31159
Read sequence 88 with name Zmey17876
Read sequence 89 with name Zmey17877
Read sequence 90 with name Zmey17852
Read sequence 91 with name Zmey17922
Read sequence 92 with name Zmey17920
Read sequence 93 with name Zmey17925
Read sequence 94 with name Zmey17923
Read sequence 95 with name Zery28090
Read sequence 96 with name Zery28091
Read sequence 97 with name Zery28088
Read sequence 98 with name Zni10863
Read sequence 99 with name Zni14341
Read sequence 100 with name Zni19650
Read sequence 101 with name Zni17984
Read sequence 102 with name ZjaDOT10981
Read sequence 103 with name ZjaDOT5235
Read sequence 104 with name ZLA1228662
Read sequence 105 with name ZLA1225772
Read sequence 106 with name ZLA1221882
Read sequence 107 with name Zsim13809
Read sequence 108 with name Zsim13773
Read sequence 109 with name Zsim6797
Read sequence 110 with name Zsim10336
Read sequence 111 with name Zsim11362
Read sequence 112 with name Zsim11102
Read sequence 113 with name Zsim11220
Read sequence 114 with name Zmon20899
Read sequence 115 with name Zmon28375
Read sequence 116 with name Zev13949
Read sequence 117 with name Zev31650
Read sequence 118 with name Zev28451
Read sequence 119 with name ZHIBRY431
Read sequence 120 with name ZHINAN290
Read sequence 121 with name ZHIWAI087
Read sequence 122 with name ZHIWAI078
Read sequence 123 with name ZHISOL783

Sequence alignment with 124 lineages and 15704 sites has been read successfully
Finding unique site patterns ...the number of unique site patterns is 15537

The random tree generated is (coalescent units, mutation units):
57 8 28.999999 1.015000
 28 27 1.000000 0.035000
 5 15 2.000000 0.070000
 11 21 3.000000 0.105000
 2 9 4.000000 0.140000
 29 6 5.000000 0.175000
 23 26 6.000000 0.210000
 35 10 7.000000 0.245000
 1 25 8.000000 0.280000
 3 38 9.000000 0.315000
 14 36 10.000000 0.350000
 31 7 11.000000 0.385000
 37 4 12.000000 0.420000
 39 18 13.000000 0.455000
 43 33 14.000000 0.490000
 41 24 15.000000 0.525000
 44 19 16.000000 0.560000
 40 42 17.000000 0.595000
 22 16 18.000000 0.630000
 32 47 19.000000 0.665000
 20 46 20.000000 0.700000
 34 13 21.000000 0.735000
 17 12 22.000000 0.770000
 49 50 23.000000 0.805000
 48 51 24.000000 0.840000
 54 53 25.000000 0.875000
 55 52 26.000000 0.910000
 45 56 27.000000 0.945000
 
The composite likelihood of the initial tree is -16217523063.270931

