========================================================================= 
Log Path: ./log/ZosteropsStarBEAST2trees.log 
Program Path: /Applications/quarto/share/rmd/rmd.R 
Working Directory: /Users/maysh/Library/Mobile Documents/com~apple~CloudDocs/Marshall_University/Research/Zosterops/Kansas collaboration/Methods and Results/Zosterops Methods and Results 
User Name: maysh 
R Version: 4.4.2 (2024-10-31) 
Machine: maysh-mac arm64 
Operating System: Darwin 24.6.0 Darwin Kernel Version 24.6.0: Mon Jan 19 21:58:37 PST 2026; root:xnu-11417.140.69.708.3~1/RELEASE_ARM64_T8103 
Base Packages: stats graphics grDevices datasets utils methods base 
Other Packages: logr_1.3.8 common_1.1.3 
Log Start Time: 2026-05-18 12:06:22.544855 
========================================================================= 

Error in FUN(X[[i]], ...) : Calls: .main ... <Anonymous> -> <Anonymous> -> cnd_signal -> signal_abort 
Traceback: 
 [1] "27: stop(fallback)"                                                                                                             
 [2] "26: signal_abort(cnd)"                                                                                                          
 [3] "25: cnd_signal(entraced)"                                                                                                       
 [4] "24: rlang::entrace(e)"                                                                                                          
 [5] "23: (function (e) "                                                                                                             
 [6] "    if (xfun::pkg_available(\"rlang\", \"1.0.0\")) rlang::entrace(e))(list("                                                    
 [7] "        message = \"specified outgroup not in labels of the tree\", "                                                           
 [8] "        call = FUN(X[[i]], ...)))"                                                                                              
 [9] "22: signalCondition(cnd)"                                                                                                       
[10] "21: fun(base::quote(list(message = \"specified outgroup not in labels of the tree\", "                                          
[11] "        call = FUN(X[[i]], ...))))"                                                                                             
[12] "20: do.call(\"fun\", lapply(args, enquote))"                                                                                    
[13] "19: docall(restart$handler, restartArgs)"                                                                                       
[14] "18: withOneRestart(withRestartList(expr, restarts[-nr]), restarts[[nr]])"                                                       
[15] "17: withRestartList(expr, restarts)"                                                                                            
[16] "16: withRestarts(with_handlers({"                                                                                               
[17] "        for (expr in tle$exprs) {"                                                                                              
[18] "            ev <- withVisible(eval(expr, envir))"                                                                               
[19] "            watcher$capture_plot_and_output()"                                                                                  
[20] "            watcher$print_value(ev$value, ev$visible, envir)"                                                                   
[21] "        }"                                                                                                                      
[22] "        TRUE"                                                                                                                   
[23] "    }, handlers), eval_continue = function() TRUE, eval_stop = function() FALSE, "                                              
[24] "        eval_error = function(cnd) {"                                                                                           
[25] "            signalCondition(cnd)"                                                                                               
[26] "            stop(cnd)"                                                                                                          
[27] "        })"                                                                                                                     
[28] "15: evaluate::evaluate(...)"                                                                                                    
[29] "14: evaluate(code, envir = env, new_device = FALSE, keep_warning = if (is.numeric(options$warning)) TRUE else options$warning, "
[30] "        keep_message = if (is.numeric(options$message)) TRUE else options$message, "                                            
[31] "        stop_on_error = if (is.numeric(options$error)) options$error else {"                                                    
[32] "            if (options$error && options$include) "                                                                             
[33] "                0L"                                                                                                             
[34] "            else 2L"                                                                                                            
[35] "        }, output_handler = knit_handlers(options$render, options))"                                                            
[36] "13: in_dir(input_dir(), expr)"                                                                                                  
[37] "12: in_input_dir(evaluate(code, envir = env, new_device = FALSE, "                                                              
[38] "        keep_warning = if (is.numeric(options$warning)) TRUE else options$warning, "                                            
[39] "        keep_message = if (is.numeric(options$message)) TRUE else options$message, "                                            
[40] "        stop_on_error = if (is.numeric(options$error)) options$error else {"                                                    
[41] "            if (options$error && options$include) "                                                                             
[42] "                0L"                                                                                                             
[43] "            else 2L"                                                                                                            
[44] "        }, output_handler = knit_handlers(options$render, options)))"                                                           
[45] "11: eng_r(options)"                                                                                                             
[46] "10: block_exec(params)"                                                                                                         
[47] "9: call_block(x)"                                                                                                               
[48] "8: process_group(group)"                                                                                                        
[49] "7: withCallingHandlers(if (tangle) process_tangle(group) else process_group(group), "                                           
[50] "       error = function(e) if (xfun::pkg_available(\"rlang\", \"1.0.0\")) rlang::entrace(e))"                                   
[51] "6: xfun:::handle_error(withCallingHandlers(if (tangle) process_tangle(group) else process_group(group), "                       
[52] "       error = function(e) if (xfun::pkg_available(\"rlang\", \"1.0.0\")) rlang::entrace(e)), "                                 
[53] "       function(loc) {"                                                                                                         
[54] "           setwd(wd)"                                                                                                           
[55] "           write_utf8(res, output %n% stdout())"                                                                                
[56] "           paste0(\"\\nQuitting from lines \", loc)"                                                                            
[57] "       }, if (labels[i] != \"\") sprintf(\" [%s]\", labels[i]), get_loc)"                                                       
[58] "5: process_file(text, output)"                                                                                                  
[59] "4: knitr::knit(knit_input, knit_output, envir = envir, quiet = quiet)"                                                          
[60] "3: rmarkdown::render(input = input, output_format = output_format, "                                                            
[61] "       knit_root_dir = knit_root_dir, params = params, run_pandoc = FALSE, "                                                    
[62] "       envir = env)"                                                                                                            
[63] "2: execute(params$input, params$format, params$tempDir, params$libDir, "                                                        
[64] "       params$dependencies, params$cwd, params$params, params$resourceDir, "                                                    
[65] "       params$handledLanguages, params$markdown)"                                                                               
[66] "1: .main()"                                                                                                                     

NOTE: Log Print Time:  2026-05-18 12:06:23.127109 
NOTE: Elapsed Time: 0.490373134613037 secs 

========================================================================= 
Log End Time: 2026-05-18 12:06:23.240022 
Log Elapsed Time: 0 00:00:00 
========================================================================= 
